// Jest Snapshot v1, https://goo.gl/fbAQLP

exports[`renders without crashing 1`] = `
<div
  className="App"
>
  <div
    className="block block__flush-top"
  >
    <h1>
      Curriculum Review
    </h1>
    <p>
      Middle School Example Curriculum
    </p>
    <p>
      Start the review by selecting a dimension. You do not need to complete all dimensions in one sitting. Youâ€™ll be able to download a dimension report for each dimension as well as a summary report at the end.
    </p>
    <div
      className="DistinctivesBlock"
    >
      <button
        onClick={[Function]}
      >
        <div
          className="Distinctive"
        >
          <div
            className="DistinctiveBoxFormat"
          >
            <h4>
              Content
               
            </h4>
            <p>
              Covers core knowledge and skills in content standards
              <br />
              <br />
              6 criteria
              <br />
              Est. time 30 min
            </p>
          </div>
        </div>
      </button>
      <button
        onClick={[Function]}
      >
        <div
          className="Distinctive"
        >
          <div
            className="DistinctiveBoxFormat"
          >
            <h4>
              Utility
               
            </h4>
            <p>
              Supports effective teaching
              <br />
              <br />
              7 criteria
              <br />
              Est. time 30 min
            </p>
          </div>
        </div>
      </button>
      <button
        onClick={[Function]}
      >
        <div
          className="Distinctive"
        >
          <div
            className="DistinctiveBoxFormat"
          >
            <h4>
              Quality
               
            </h4>
            <p>
              Accurate and well presented
              <br />
              <br />
              5 criteria
              <br />
              Est. time 30 min
            </p>
          </div>
        </div>
      </button>
      <button
        onClick={[Function]}
      >
        <div
          className="Distinctive"
        >
          <div
            className="DistinctiveBoxFormat"
          >
            <h4>
              Efficacy
               
            </h4>
            <p>
              Improves financial knowledge, skills, or behaviors
              <br />
              <br />
              3 criteria
              <br />
              Est. time 30 min
            </p>
          </div>
        </div>
      </button>
    </div>
    <div>
      <div>
        <h1 />
        <div
          className="block"
        >
          <h2>
            Content for elementary school
          </h2>
          <p>
            Curriculum content refers to the knowledge and skills covered by the curriculum. The content dimension is based on our analysis of existing national and select state financial education standards. An indicator is a concrete, detailed specification for each criteria. A component is an operational rule to help reviewers determine whether the curriculum meets each indicator. Some are essential and some are beneficial.
          </p>
          <h3>
            Instructions
          </h3>
          <p>
            Read through the scope and sequence of the curriculum, skim the lesson plans, and answer the following questions.
          </p>
          <div>
            DEBUG Values:
            <p>
              Curriculum Title: 
               
            </p>
            <p>
              Publication Date: 
               
            </p>
            <p>
              Grade Range: 
               
            </p>
          </div>
        </div>
      </div>
    </div>
  </div>
</div>
`;
